--------------------------------------------------------------------------------------
Timing Analyzer Summary
--------------------------------------------------------------------------------------

Type           : Worst-case tco
Slack          : N/A
Required Time  : None
Actual Time    : 12.102 ns
From           : vgacon:vga_controller|dual_clock_ram:vgamem|altsyncram:ram_block_rtl_0|altsyncram_ske1:auto_generated|altsyncram_rsi1:altsyncram1|ram_block2a4~porta_address_reg11
To             : green[0]
From Clock     : CLOCK_27[0]
To Clock       : --
Failed Paths   : 0

Type           : Worst-case tpd
Slack          : N/A
Required Time  : None
Actual Time    : 10.962 ns
From           : score[5]
To             : HEX2[6]
From Clock     : --
To Clock       : --
Failed Paths   : 0

Type           : Clock Setup: 'vgacon:vga_controller|vga_pll:divider|altpll:altpll_component|_clk0'
Slack          : 14.512 ns
Required Time  : 25.20 MHz ( period = 39.682 ns )
Actual Time    : 39.73 MHz ( period = 25.170 ns )
From           : vgacon:vga_controller|v_count[7]
To             : vgacon:vga_controller|dual_clock_ram:vgamem|altsyncram:ram_block_rtl_0|altsyncram_ske1:auto_generated|altsyncram_rsi1:altsyncram1|ram_block2a5~porta_address_reg11
From Clock     : vgacon:vga_controller|vga_pll:divider|altpll:altpll_component|_clk0
To Clock       : vgacon:vga_controller|vga_pll:divider|altpll:altpll_component|_clk0
Failed Paths   : 0

Type           : Clock Setup: 'CLOCK_27[0]'
Slack          : 33.959 ns
Required Time  : 27.00 MHz ( period = 37.037 ns )
Actual Time    : Restricted to 195.01 MHz ( period = 5.128 ns )
From           : vgacon:vga_controller|dual_clock_ram:vgamem|altsyncram:ram_block_rtl_0|altsyncram_ske1:auto_generated|altsyncram_rsi1:altsyncram1|ram_block2a0~portb_datain_reg0
To             : vgacon:vga_controller|dual_clock_ram:vgamem|altsyncram:ram_block_rtl_0|altsyncram_ske1:auto_generated|altsyncram_rsi1:altsyncram1|ram_block2a0~portb_memory_reg0
From Clock     : CLOCK_27[0]
To Clock       : CLOCK_27[0]
Failed Paths   : 0

Type           : Clock Hold: 'vgacon:vga_controller|vga_pll:divider|altpll:altpll_component|_clk0'
Slack          : 0.859 ns
Required Time  : 25.20 MHz ( period = 39.682 ns )
Actual Time    : N/A
From           : vgacon:vga_controller|v_count[0]
To             : vgacon:vga_controller|v_count_d[0]
From Clock     : vgacon:vga_controller|vga_pll:divider|altpll:altpll_component|_clk0
To Clock       : vgacon:vga_controller|vga_pll:divider|altpll:altpll_component|_clk0
Failed Paths   : 0

Type           : Clock Hold: 'CLOCK_27[0]'
Slack          : 2.788 ns
Required Time  : 27.00 MHz ( period = 37.037 ns )
Actual Time    : N/A
From           : vgacon:vga_controller|dual_clock_ram:vgamem|altsyncram:ram_block_rtl_0|altsyncram_ske1:auto_generated|altsyncram_rsi1:altsyncram1|ram_block2a0~portb_datain_reg0
To             : vgacon:vga_controller|dual_clock_ram:vgamem|altsyncram:ram_block_rtl_0|altsyncram_ske1:auto_generated|altsyncram_rsi1:altsyncram1|ram_block2a0~portb_memory_reg0
From Clock     : CLOCK_27[0]
To Clock       : CLOCK_27[0]
Failed Paths   : 0

Type           : Total number of failed paths
Slack          : 
Required Time  : 
Actual Time    : 
From           : 
To             : 
From Clock     : 
To Clock       : 
Failed Paths   : 0

--------------------------------------------------------------------------------------

